// Jest Snapshot v1, https://goo.gl/fbAQLP

exports[`DisclaimerPage should render 1`] = `
<Page
  content="this is a test content"
  title="Feedback, Kontakt und mÃ¶gliches Engagement"
/>
`;
