// Jest Snapshot v1, https://goo.gl/fbAQLP

exports[`Breadcrumb should render 1`] = `
<div
  className="breadcrumbs"
/>
`;
